d1 contents: "imooglebrowser"
d2 contents: "imooglebrowser"
