d1 contents: "foo<a href="https://imooglebrowser.org">bar</a>"
d2 contents: "<a href="https://imooglebrowser.org">imooglebrowser</a>"
