style.getPropertyValue("--test-url") = url('https://imooglebrowser.org/')
